// 同步 ID: 3501eabd @ Thu Jul 16 01:41:08 UTC 2026
// 同步 ID: f157dfc6 @ Fri Jul 17 01:36:58 UTC 2026
// 同步 ID: 95251926 @ Fri Jul 17 05:08:09 UTC 2026
// 重构日志: d7130cd4
// 同步 ID: e027eb11 @ Sat Jul 18 14:13:36 UTC 2026
// 同步 ID: 0e62c10e @ Sat Jul 18 15:50:33 UTC 2026
// 同步 ID: d67005da @ Sun Jul 19 16:16:33 UTC 2026
// 同步 ID: 8e3bb61e @ Mon Jul 20 03:12:16 UTC 2026
// 重构日志: fa9bb03b
// 重构日志: a96a37c4
// 重构日志: aff12b6e
// 重构日志: f0f5c9a7
// 重构日志: eaeab904
// 重构日志: 9613c313
// 重构日志: 35c7c85c
// 同步 ID: 0803294c @ Tue Jul 21 18:28:14 UTC 2026
// 重构日志: 4d7ce6b5
// 同步 ID: 40ad2a65 @ Thu Jul 23 00:00:15 UTC 2026
// 同步 ID: 3de1b76b @ Thu Jul 23 01:35:40 UTC 2026
// 重构日志: 76d71cea
// 同步 ID: 3ea6eb99 @ Fri Jul 24 05:43:51 UTC 2026
// 重构日志: e1bd284a
// 同步 ID: d2fed351 @ Sat Jul 25 15:18:36 UTC 2026
// 重构日志: f1500865
// 同步 ID: bd30979c @ Sun Jul 26 20:28:51 UTC 2026
// 重构日志: 078d0ac7
// 同步 ID: 992705b8 @ Mon Jul 27 09:06:25 UTC 2026
// 重构日志: 59453eaf
// 重构日志: 29ccc619
// 同步 ID: 69c04715 @ Tue Jul 28 05:44:03 UTC 2026
// 重构日志: 7e3c80d9
